
> front-control-stock@0.0.1 build
> vite build

node.exe : You have specified a baseUrl and/or paths in your tsconfig.json 
which interferes with SvelteKit's auto-generated tsconfig.json. Remove it to 
avoid problems with intellisense. For path aliases, use `kit.alias` instead: 
https://svelte.dev/docs/kit/configuration#alias
At line:1 char:1
+ & "C:\Program Files\nodejs/node.exe" "C:\Users\USUARIO\AppData\Roamin ...
+ ~~~~~~~~~~~~~~~~~~~~~~~~~~~~~~~~~~~~~~~~~~~~~~~~~~~~~~~~~~~~~~~~~~~~~
    + CategoryInfo          : NotSpecified: (You have specif...iguration#alias 
   :String) [], RemoteException
    + FullyQualifiedErrorId : NativeCommandError
 
[36mvite v7.3.1 [32mbuilding ssr environment for production...[36m[39m
transforming...
13:00:36 [vite-plugin-svelte] src/routes/+error.svelte:18:5 '#' is not a valid 
href attribute
https://svelte.dev/e/a11y_invalid_attribute
16:       {$page.error?.message ?? "Ocurri├│ un error inesperado."}
17:     </p>
18:     <a href="#" class="btn-primary">Volver al inicio</a>
                   ^
19:   </div>
20: </div>
13:00:36 [vite-plugin-svelte] 
src/routes/(admin)/admin/categorias/+page.svelte:190:24 Buttons and links 
should either contain text or have an `aria-label`, `aria-labelledby` or 
`title` attribute
https://svelte.dev/e/a11y_consider_explicit_label
188:                         class="flex items-center gap-3 px-4 py-3 
hover:bg-gray-50"
189:                     >
190:                         <button
                                     ^
191:                             class="w-5 h-5 flex items-center 
justify-center text-gray-400 {tieneHijos
192:                                 ? ''
13:00:36 [vite-plugin-svelte] 
src/routes/(bodega)/bodega/compras/+page.svelte:395:12 A form label must be 
associated with a control
https://svelte.dev/e/a11y_label_has_associated_control
393:         <!-- Buscar producto -->
394:         <div>
395:             <label class="block text-sm font-medium text-gray-700 mb-1"
                  ^
396:                 >Agregar productos</label
397:             >
13:00:36 [vite-plugin-svelte] 
src/routes/(bodega)/bodega/compras/+page.svelte:475:37 Buttons and links 
should either contain text or have an `aria-label`, `aria-labelledby` or 
`title` attribute
https://svelte.dev/e/a11y_consider_explicit_label
473:                                 >
474:                                 <td
475:                                     ><button
                                          ^
476:                                         onclick={() => quitarItem(i)}
477:                                         class="text-danger-500 
hover:text-danger-700"
13:00:36 [vite-plugin-svelte] 
src/routes/(bodega)/bodega/compras/+page.svelte:530:16 A form label must be 
associated with a control
https://svelte.dev/e/a11y_label_has_associated_control
528:             </h2>
529:             <div>
530:                 <label class="block text-sm font-medium text-gray-700 
mb-1"
                      ^
531:                     >Motivo <span class="text-danger-400">*</span></label
532:                 >
13:00:36 [vite-plugin-svelte] 
src/routes/(bodega)/bodega/compras/+page.svelte:533:16 Self-closing HTML tags 
for non-void elements are ambiguous ÔÇö use `<textarea ...></textarea>` rather 
than `<textarea ... />`
https://svelte.dev/e/element_invalid_self_closing_tag
531:                     >Motivo <span class="text-danger-400">*</span></label
532:                 >
533:                 <textarea
                       ^
534:                     bind:value={motivoAnulacion}
535:                     rows="2"
13:00:37 [vite-plugin-svelte] 
src/routes/(bodega)/bodega/inventario/+page.svelte:507:16 A form label must be 
associated with a control
https://svelte.dev/e/a11y_label_has_associated_control
505:             />
506:             <div>
507:                 <label class="block text-sm font-medium text-gray-700 
mb-1"
                      ^
508:                     >Motivo <span class="text-danger-400">*</span></label
509:                 >
13:00:37 [vite-plugin-svelte] 
src/routes/(bodega)/bodega/inventario/+page.svelte:510:16 Self-closing HTML 
tags for non-void elements are ambiguous ÔÇö use `<textarea ...></textarea>` 
rather than `<textarea ... />`
https://svelte.dev/e/element_invalid_self_closing_tag
508:                     >Motivo <span class="text-danger-400">*</span></label
509:                 >
510:                 <textarea
                       ^
511:                     bind:value={motivoAjuste}
512:                     rows="2"
13:00:37 [vite-plugin-svelte] 
src/routes/(bodega)/bodega/inventario/+page.svelte:614:12 A form label must be 
associated with a control
https://svelte.dev/e/a11y_label_has_associated_control
612: 
613:         <div>
614:             <label class="block text-sm font-medium text-gray-700 mb-1"
                  ^
615:                 >Motivo</label
616:             >
13:00:37 [vite-plugin-svelte] 
src/routes/(admin)/admin/suscripcion/pagar/+page.svelte:301:28 Visible, 
non-interactive elements with a click event must be accompanied by a keyboard 
event handler. Consider whether an interactive element such as `<button 
type="button">` or `<a>` might be more appropriate
https://svelte.dev/e/a11y_click_events_have_key_events
299:                             <p class="text-sm text-gray-500 mb-4">Abre la 
app de Nequi y env├¡a el dinero al siguiente n├║mero:</p>
300:                             
301:                             <div class="bg-gray-50 border border-gray-200 
rounded-xl p-4 flex items-center justify-between group cursor-pointer 
hover:bg-gray-100 transition-colors" onclick={() => copiar("302260062", 
"N├║mero copiado")}>
                                       ^
302:                                 <div>
303:                                     <p class="text-xs text-gray-500 
font-medium">Celular Nequi</p>
13:00:37 [vite-plugin-svelte] 
src/routes/(admin)/admin/suscripcion/pagar/+page.svelte:301:28 `<div>` with a 
click handler must have an ARIA role
https://svelte.dev/e/a11y_no_static_element_interactions
299:                             <p class="text-sm text-gray-500 mb-4">Abre la 
app de Nequi y env├¡a el dinero al siguiente n├║mero:</p>
300:                             
301:                             <div class="bg-gray-50 border border-gray-200 
rounded-xl p-4 flex items-center justify-between group cursor-pointer 
hover:bg-gray-100 transition-colors" onclick={() => copiar("302260062", 
"N├║mero copiado")}>
                                       ^
302:                                 <div>
303:                                     <p class="text-xs text-gray-500 
font-medium">Celular Nequi</p>
13:00:37 [vite-plugin-svelte] 
src/routes/(admin)/admin/suscripcion/pagar/+page.svelte:328:32 Visible, 
non-interactive elements with a click event must be accompanied by a keyboard 
event handler. Consider whether an interactive element such as `<button 
type="button">` or `<a>` might be more appropriate
https://svelte.dev/e/a11y_click_events_have_key_events
326:                                     <p class="font-semibold 
text-gray-900">Ahorros</p>
327:                                 </div>
328:                                 <div class="flex justify-between 
items-end cursor-pointer group" onclick={() => copiar("1234567890", "Cuenta 
copiada")}>
                                           ^
329:                                     <div>
330:                                         <p class="text-xs text-gray-500 
font-medium">N├║mero de cuenta</p>
13:00:37 [vite-plugin-svelte] 
src/routes/(admin)/admin/suscripcion/pagar/+page.svelte:328:32 `<div>` with a 
click handler must have an ARIA role
https://svelte.dev/e/a11y_no_static_element_interactions
326:                                     <p class="font-semibold 
text-gray-900">Ahorros</p>
327:                                 </div>
328:                                 <div class="flex justify-between 
items-end cursor-pointer group" onclick={() => copiar("1234567890", "Cuenta 
copiada")}>
                                           ^
329:                                     <div>
330:                                         <p class="text-xs text-gray-500 
font-medium">N├║mero de cuenta</p>
13:00:37 [vite-plugin-svelte] 
src/routes/(admin)/admin/suscripcion/pagar/+page.svelte:337:28 Visible, 
non-interactive elements with a click event must be accompanied by a keyboard 
event handler. Consider whether an interactive element such as `<button 
type="button">` or `<a>` might be more appropriate
https://svelte.dev/e/a11y_click_events_have_key_events
335:                             </div>
336:                             
337:                             <div class="bg-primary-50 border 
border-primary-200 rounded-xl p-4 flex items-center justify-between 
cursor-pointer group" onclick={() => copiar(pagoActual?.referencia || "", 
"Referencia copiada")}>
                                       ^
338:                                 <div class="text-left">
339:                                     <p class="text-xs text-primary-600 
font-medium uppercase tracking-wide">Ref de pago (Importante)</p>
13:00:37 [vite-plugin-svelte] 
src/routes/(admin)/admin/suscripcion/pagar/+page.svelte:337:28 `<div>` with a 
click handler must have an ARIA role
https://svelte.dev/e/a11y_no_static_element_interactions
335:                             </div>
336:                             
337:                             <div class="bg-primary-50 border 
border-primary-200 rounded-xl p-4 flex items-center justify-between 
cursor-pointer group" onclick={() => copiar(pagoActual?.referencia || "", 
"Referencia copiada")}>
                                       ^
338:                                 <div class="text-left">
339:                                     <p class="text-xs text-primary-600 
font-medium uppercase tracking-wide">Ref de pago (Importante)</p>
13:00:37 [vite-plugin-svelte] src/routes/(pos)/ventas/+page.svelte:241:16 A 
form label must be associated with a control
https://svelte.dev/e/a11y_label_has_associated_control
239:             </p>
240:             <div>
241:                 <label class="block text-sm font-medium text-gray-700 
mb-1">
                             ^
242:                     Motivo de anulaci├│n <span 
class="text-danger-400">*</span>
243:                 </label>
13:00:37 [vite-plugin-svelte] src/routes/(pos)/ventas/+page.svelte:244:16 
Self-closing HTML tags for non-void elements are ambiguous ÔÇö use `<textarea 
...></textarea>` rather than `<textarea ... />`
https://svelte.dev/e/element_invalid_self_closing_tag
242:                     Motivo de anulaci├│n <span 
class="text-danger-400">*</span>
243:                 </label>
244:                 <textarea
                       ^
245:                     bind:value={motivoAnulacion}
246:                     rows="3"
13:00:37 [vite-plugin-svelte] 
src/routes/(bodega)/bodega/traslados/+page.svelte:255:12 A form label must be 
associated with a control
https://svelte.dev/e/a11y_label_has_associated_control
253:         <!-- Producto -->
254:         <div>
255:             <label class="block text-sm font-medium text-gray-700 mb-1"
                  ^
256:                 >Producto <span class="text-danger-400">*</span></label
257:             >
13:00:37 [vite-plugin-svelte] 
src/routes/(bodega)/bodega/traslados/+page.svelte:265:20 Buttons and links 
should either contain text or have an `aria-label`, `aria-labelledby` or 
`title` attribute
https://svelte.dev/e/a11y_consider_explicit_label
263:                         >{productoNombre}</span
264:                     >
265:                     <button
                                 ^
266:                         onclick={() => {
267:                             productoId = "";
13:00:37 [vite-plugin-svelte] src/lib/components/ui/Modal.svelte:36:4 
Self-closing HTML tags for non-void elements are ambiguous ÔÇö use `<div 
...></div>` rather than `<div ... />`
https://svelte.dev/e/element_invalid_self_closing_tag
34: {#if open}
35:     <!-- Backdrop -->
36:     <div
          ^
37:         class="fixed inset-0 z-40 bg-black/40 backdrop-blur-sm"
38:         transition:fade={{ duration: 150 }}
13:00:37 [vite-plugin-svelte] src/lib/components/ui/Modal.svelte:68:24 
Self-closing HTML tags for non-void elements are ambiguous ÔÇö use `<div 
...></div>` rather than `<div ... />`
https://svelte.dev/e/element_invalid_self_closing_tag
66:                         </h2>
67:                     {:else}
68:                         <div />
                                   ^
69:                     {/if}
70:                     {#if closable}
13:00:37 [vite-plugin-svelte] src/lib/components/ui/SearchInput.svelte:50:8 
Buttons and links should either contain text or have an `aria-label`, 
`aria-labelledby` or `title` attribute
https://svelte.dev/e/a11y_consider_explicit_label
48:     />
49:     {#if value}
50:         <button
                    ^
51:             type="button"
52:             on:click={limpiar}
13:00:37 [vite-plugin-svelte] src/lib/components/pos/ItemCarrito.svelte:49:8 
Buttons and links should either contain text or have an `aria-label`, 
`aria-labelledby` or `title` attribute
https://svelte.dev/e/a11y_consider_explicit_label
47:     <!-- Controles cantidad -->
48:     <div class="flex items-center gap-1 flex-shrink-0">
49:         <button
                    ^
50:             onclick={() =>
51:                 carritoStore.actualizarCantidad(
13:00:37 [vite-plugin-svelte] src/lib/components/pos/ItemCarrito.svelte:80:16 
Avoid using autofocus
https://svelte.dev/e/a11y_autofocus
78:                 class="w-12 h-6 text-center text-sm border 
border-primary-300 rounded-md focus:outline-none focus:ring-1 
focus:ring-primary-400"
79:                 min="0"
80:                 autofocus
                             ^
81:             />
82:         {:else}
13:00:37 [vite-plugin-svelte] src/lib/components/pos/ItemCarrito.svelte:94:8 
Buttons and links should either contain text or have an `aria-label`, 
`aria-labelledby` or `title` attribute
https://svelte.dev/e/a11y_consider_explicit_label
92:         {/if}
93: 
94:         <button
                    ^
95:             onclick={() =>
96:                 carritoStore.actualizarCantidad(
13:00:37 [vite-plugin-svelte] 
src/lib/components/pos/BuscadorProducto.svelte:161:12 Buttons and links should 
either contain text or have an `aria-label`, `aria-labelledby` or `title` 
attribute
https://svelte.dev/e/a11y_consider_explicit_label
159:             </div>
160:         {:else if query}
161:             <button
                         ^
162:                 onclick={() => {
163:                     query = "";
13:00:37 [vite-plugin-svelte] 
src/lib/components/pos/BuscadorProducto.svelte:201:20 The attribute 
'aria-selected' is not supported by the role 'button'. This role is implicit 
on the element `<button>`
https://svelte.dev/e/a11y_role_supports_aria_props_implicit
199:                     class:bg-gray-200={index === activeIndex}
200:                     
class:cursor-not-allowed={getStockDisponible(producto) === 0}
201:                     aria-selected={index === activeIndex}
                                                              ^
202:                 >
203:                     <!-- Imagen o placeholder -->
13:00:37 [vite-plugin-svelte] 
src/lib/components/pos/BuscadorProducto.svelte:260:8 Self-closing HTML tags 
for non-void elements are ambiguous ÔÇö use `<div ...></div>` rather than 
`<div ... />`
https://svelte.dev/e/element_invalid_self_closing_tag
258: 
259:         <!-- Clic fuera para cerrar -->
260:         <div
               ^
261:             class="fixed inset-0 z-10"
262:             onclick={() => (mostrarResultados = false)}
13:00:39 [vite-plugin-svelte] 
src/routes/(admin)/admin/ventas/+page.svelte:839:20 A form label must be 
associated with a control
https://svelte.dev/e/a11y_label_has_associated_control
837:                 </p>
838:                 <div>
839:                     <label class="block text-sm font-medium text-gray-700 
mb-1">
                                 ^
840:                         Motivo <span class="text-danger-400">*</span>
841:                     </label>
[33m[vite:css][postcss] @import must precede all other statements (besides 
@charset or empty @layer)
3  |  @tailwind utilities;
4  |  /* ÔöÇÔöÇÔöÇ Fuentes ÔöÇÔöÇÔöÇÔöÇÔöÇÔöÇÔöÇÔöÇÔöÇÔöÇÔöÇÔöÇÔöÇÔöÇÔöÇÔöÇÔöÇÔ
öÇÔöÇÔöÇÔöÇÔöÇÔöÇÔöÇÔöÇÔöÇÔöÇÔöÇÔöÇÔöÇÔöÇÔöÇÔöÇÔöÇÔöÇÔöÇÔöÇÔöÇÔöÇÔöÇÔöÇÔöÇÔöÇÔö
ÇÔöÇÔöÇÔöÇÔöÇÔöÇÔöÇÔöÇ */
5  |  @import url('https://fonts.googleapis.com/css2?family=Inter:wght@400;500;
600;700&family=JetBrains+Mono:wght@400;500&d...
   |  ^^^^^^^^^^^^^^^^^^^^^^^^^^^^^^^^^^^^^^^^^^^^^^^^^^^^^^^^^^^^^^^^^^^^^^^^^
^^^^^^^^^^^^^^^^^^^^^^^^^^^^^^^^^^^^^^^^^^^^^^^
6  |  
7  |  /* ÔöÇÔöÇÔöÇ Base ÔöÇÔöÇÔöÇÔöÇÔöÇÔöÇÔöÇÔöÇÔöÇÔöÇÔöÇÔöÇÔöÇÔöÇÔöÇÔöÇÔöÇÔöÇÔ
öÇÔöÇÔöÇÔöÇÔöÇÔöÇÔöÇÔöÇÔöÇÔöÇÔöÇÔöÇÔöÇÔöÇÔöÇÔöÇÔöÇÔöÇÔöÇÔöÇÔöÇÔöÇÔöÇÔöÇÔöÇÔöÇÔö
ÇÔöÇÔöÇÔöÇÔöÇÔöÇÔöÇÔöÇÔöÇÔöÇ */[39m
13:00:40 [vite-plugin-svelte] 
src/lib/components/layout/NotificationBell.svelte:226:2 Self-closing HTML tags 
for non-void elements are ambiguous ÔÇö use `<div ...></div>` rather than 
`<div ... />`
https://svelte.dev/e/element_invalid_self_closing_tag
224: 
225:     <!-- Backdrop to close -->
226:     <div
           ^
227:       class="fixed inset-0 z-40"
228:       onclick={() => (abierto = false)}
[32mÔ£ô[39m 243 modules transformed.
rendering chunks...
[36mvite v7.3.1 [32mbuilding client environment for production...[36m[39m
transforming...
13:00:41 [vite-plugin-svelte] src/routes/+error.svelte:18:5 '#' is not a valid 
href attribute
https://svelte.dev/e/a11y_invalid_attribute
16:       {$page.error?.message ?? "Ocurri├│ un error inesperado."}
17:     </p>
18:     <a href="#" class="btn-primary">Volver al inicio</a>
                   ^
19:   </div>
20: </div>
13:00:42 [vite-plugin-svelte] 
src/routes/(admin)/admin/categorias/+page.svelte:190:24 Buttons and links 
should either contain text or have an `aria-label`, `aria-labelledby` or 
`title` attribute
https://svelte.dev/e/a11y_consider_explicit_label
188:                         class="flex items-center gap-3 px-4 py-3 
hover:bg-gray-50"
189:                     >
190:                         <button
                                     ^
191:                             class="w-5 h-5 flex items-center 
justify-center text-gray-400 {tieneHijos
192:                                 ? ''
13:00:42 [vite-plugin-svelte] 
src/routes/(admin)/admin/suscripcion/pagar/+page.svelte:301:28 Visible, 
non-interactive elements with a click event must be accompanied by a keyboard 
event handler. Consider whether an interactive element such as `<button 
type="button">` or `<a>` might be more appropriate
https://svelte.dev/e/a11y_click_events_have_key_events
299:                             <p class="text-sm text-gray-500 mb-4">Abre la 
app de Nequi y env├¡a el dinero al siguiente n├║mero:</p>
300:                             
301:                             <div class="bg-gray-50 border border-gray-200 
rounded-xl p-4 flex items-center justify-between group cursor-pointer 
hover:bg-gray-100 transition-colors" onclick={() => copiar("302260062", 
"N├║mero copiado")}>
                                       ^
302:                                 <div>
303:                                     <p class="text-xs text-gray-500 
font-medium">Celular Nequi</p>
13:00:42 [vite-plugin-svelte] 
src/routes/(admin)/admin/suscripcion/pagar/+page.svelte:301:28 `<div>` with a 
click handler must have an ARIA role
https://svelte.dev/e/a11y_no_static_element_interactions
299:                             <p class="text-sm text-gray-500 mb-4">Abre la 
app de Nequi y env├¡a el dinero al siguiente n├║mero:</p>
300:                             
301:                             <div class="bg-gray-50 border border-gray-200 
rounded-xl p-4 flex items-center justify-between group cursor-pointer 
hover:bg-gray-100 transition-colors" onclick={() => copiar("302260062", 
"N├║mero copiado")}>
                                       ^
302:                                 <div>
303:                                     <p class="text-xs text-gray-500 
font-medium">Celular Nequi</p>
13:00:42 [vite-plugin-svelte] 
src/routes/(admin)/admin/suscripcion/pagar/+page.svelte:328:32 Visible, 
non-interactive elements with a click event must be accompanied by a keyboard 
event handler. Consider whether an interactive element such as `<button 
type="button">` or `<a>` might be more appropriate
https://svelte.dev/e/a11y_click_events_have_key_events
326:                                     <p class="font-semibold 
text-gray-900">Ahorros</p>
327:                                 </div>
328:                                 <div class="flex justify-between 
items-end cursor-pointer group" onclick={() => copiar("1234567890", "Cuenta 
copiada")}>
                                           ^
329:                                     <div>
330:                                         <p class="text-xs text-gray-500 
font-medium">N├║mero de cuenta</p>
13:00:42 [vite-plugin-svelte] 
src/routes/(admin)/admin/suscripcion/pagar/+page.svelte:328:32 `<div>` with a 
click handler must have an ARIA role
https://svelte.dev/e/a11y_no_static_element_interactions
326:                                     <p class="font-semibold 
text-gray-900">Ahorros</p>
327:                                 </div>
328:                                 <div class="flex justify-between 
items-end cursor-pointer group" onclick={() => copiar("1234567890", "Cuenta 
copiada")}>
                                           ^
329:                                     <div>
330:                                         <p class="text-xs text-gray-500 
font-medium">N├║mero de cuenta</p>
13:00:42 [vite-plugin-svelte] 
src/routes/(admin)/admin/suscripcion/pagar/+page.svelte:337:28 Visible, 
non-interactive elements with a click event must be accompanied by a keyboard 
event handler. Consider whether an interactive element such as `<button 
type="button">` or `<a>` might be more appropriate
https://svelte.dev/e/a11y_click_events_have_key_events
335:                             </div>
336:                             
337:                             <div class="bg-primary-50 border 
border-primary-200 rounded-xl p-4 flex items-center justify-between 
cursor-pointer group" onclick={() => copiar(pagoActual?.referencia || "", 
"Referencia copiada")}>
                                       ^
338:                                 <div class="text-left">
339:                                     <p class="text-xs text-primary-600 
font-medium uppercase tracking-wide">Ref de pago (Importante)</p>
13:00:42 [vite-plugin-svelte] 
src/routes/(admin)/admin/suscripcion/pagar/+page.svelte:337:28 `<div>` with a 
click handler must have an ARIA role
https://svelte.dev/e/a11y_no_static_element_interactions
335:                             </div>
336:                             
337:                             <div class="bg-primary-50 border 
border-primary-200 rounded-xl p-4 flex items-center justify-between 
cursor-pointer group" onclick={() => copiar(pagoActual?.referencia || "", 
"Referencia copiada")}>
                                       ^
338:                                 <div class="text-left">
339:                                     <p class="text-xs text-primary-600 
font-medium uppercase tracking-wide">Ref de pago (Importante)</p>
13:00:42 [vite-plugin-svelte] 
src/routes/(bodega)/bodega/compras/+page.svelte:395:12 A form label must be 
associated with a control
https://svelte.dev/e/a11y_label_has_associated_control
393:         <!-- Buscar producto -->
394:         <div>
395:             <label class="block text-sm font-medium text-gray-700 mb-1"
                  ^
396:                 >Agregar productos</label
397:             >
13:00:42 [vite-plugin-svelte] 
src/routes/(bodega)/bodega/compras/+page.svelte:475:37 Buttons and links 
should either contain text or have an `aria-label`, `aria-labelledby` or 
`title` attribute
https://svelte.dev/e/a11y_consider_explicit_label
473:                                 >
474:                                 <td
475:                                     ><button
                                          ^
476:                                         onclick={() => quitarItem(i)}
477:                                         class="text-danger-500 
hover:text-danger-700"
13:00:42 [vite-plugin-svelte] 
src/routes/(bodega)/bodega/compras/+page.svelte:530:16 A form label must be 
associated with a control
https://svelte.dev/e/a11y_label_has_associated_control
528:             </h2>
529:             <div>
530:                 <label class="block text-sm font-medium text-gray-700 
mb-1"
                      ^
531:                     >Motivo <span class="text-danger-400">*</span></label
532:                 >
13:00:42 [vite-plugin-svelte] 
src/routes/(bodega)/bodega/compras/+page.svelte:533:16 Self-closing HTML tags 
for non-void elements are ambiguous ÔÇö use `<textarea ...></textarea>` rather 
than `<textarea ... />`
https://svelte.dev/e/element_invalid_self_closing_tag
531:                     >Motivo <span class="text-danger-400">*</span></label
532:                 >
533:                 <textarea
                       ^
534:                     bind:value={motivoAnulacion}
535:                     rows="2"
13:00:42 [vite-plugin-svelte] 
src/routes/(bodega)/bodega/inventario/+page.svelte:507:16 A form label must be 
associated with a control
https://svelte.dev/e/a11y_label_has_associated_control
505:             />
506:             <div>
507:                 <label class="block text-sm font-medium text-gray-700 
mb-1"
                      ^
508:                     >Motivo <span class="text-danger-400">*</span></label
509:                 >
13:00:42 [vite-plugin-svelte] 
src/routes/(bodega)/bodega/inventario/+page.svelte:510:16 Self-closing HTML 
tags for non-void elements are ambiguous ÔÇö use `<textarea ...></textarea>` 
rather than `<textarea ... />`
https://svelte.dev/e/element_invalid_self_closing_tag
508:                     >Motivo <span class="text-danger-400">*</span></label
509:                 >
510:                 <textarea
                       ^
511:                     bind:value={motivoAjuste}
512:                     rows="2"
13:00:42 [vite-plugin-svelte] 
src/routes/(bodega)/bodega/inventario/+page.svelte:614:12 A form label must be 
associated with a control
https://svelte.dev/e/a11y_label_has_associated_control
612: 
613:         <div>
614:             <label class="block text-sm font-medium text-gray-700 mb-1"
                  ^
615:                 >Motivo</label
616:             >
13:00:42 [vite-plugin-svelte] 
src/routes/(bodega)/bodega/traslados/+page.svelte:255:12 A form label must be 
associated with a control
https://svelte.dev/e/a11y_label_has_associated_control
253:         <!-- Producto -->
254:         <div>
255:             <label class="block text-sm font-medium text-gray-700 mb-1"
                  ^
256:                 >Producto <span class="text-danger-400">*</span></label
257:             >
13:00:42 [vite-plugin-svelte] 
src/routes/(bodega)/bodega/traslados/+page.svelte:265:20 Buttons and links 
should either contain text or have an `aria-label`, `aria-labelledby` or 
`title` attribute
https://svelte.dev/e/a11y_consider_explicit_label
263:                         >{productoNombre}</span
264:                     >
265:                     <button
                                 ^
266:                         onclick={() => {
267:                             productoId = "";
13:00:42 [vite-plugin-svelte] src/routes/(pos)/ventas/+page.svelte:241:16 A 
form label must be associated with a control
https://svelte.dev/e/a11y_label_has_associated_control
239:             </p>
240:             <div>
241:                 <label class="block text-sm font-medium text-gray-700 
mb-1">
                             ^
242:                     Motivo de anulaci├│n <span 
class="text-danger-400">*</span>
243:                 </label>
13:00:42 [vite-plugin-svelte] src/routes/(pos)/ventas/+page.svelte:244:16 
Self-closing HTML tags for non-void elements are ambiguous ÔÇö use `<textarea 
...></textarea>` rather than `<textarea ... />`
https://svelte.dev/e/element_invalid_self_closing_tag
242:                     Motivo de anulaci├│n <span 
class="text-danger-400">*</span>
243:                 </label>
244:                 <textarea
                       ^
245:                     bind:value={motivoAnulacion}
246:                     rows="3"
13:00:42 [vite-plugin-svelte] src/lib/components/ui/Modal.svelte:36:4 
Self-closing HTML tags for non-void elements are ambiguous ÔÇö use `<div 
...></div>` rather than `<div ... />`
https://svelte.dev/e/element_invalid_self_closing_tag
34: {#if open}
35:     <!-- Backdrop -->
36:     <div
          ^
37:         class="fixed inset-0 z-40 bg-black/40 backdrop-blur-sm"
38:         transition:fade={{ duration: 150 }}
13:00:42 [vite-plugin-svelte] src/lib/components/ui/Modal.svelte:68:24 
Self-closing HTML tags for non-void elements are ambiguous ÔÇö use `<div 
...></div>` rather than `<div ... />`
https://svelte.dev/e/element_invalid_self_closing_tag
66:                         </h2>
67:                     {:else}
68:                         <div />
                                   ^
69:                     {/if}
70:                     {#if closable}
13:00:42 [vite-plugin-svelte] src/lib/components/ui/SearchInput.svelte:50:8 
Buttons and links should either contain text or have an `aria-label`, 
`aria-labelledby` or `title` attribute
https://svelte.dev/e/a11y_consider_explicit_label
48:     />
49:     {#if value}
50:         <button
                    ^
51:             type="button"
52:             on:click={limpiar}
13:00:42 [vite-plugin-svelte] 
src/lib/components/pos/BuscadorProducto.svelte:161:12 Buttons and links should 
either contain text or have an `aria-label`, `aria-labelledby` or `title` 
attribute
https://svelte.dev/e/a11y_consider_explicit_label
159:             </div>
160:         {:else if query}
161:             <button
                         ^
162:                 onclick={() => {
163:                     query = "";
13:00:42 [vite-plugin-svelte] 
src/lib/components/pos/BuscadorProducto.svelte:201:20 The attribute 
'aria-selected' is not supported by the role 'button'. This role is implicit 
on the element `<button>`
https://svelte.dev/e/a11y_role_supports_aria_props_implicit
199:                     class:bg-gray-200={index === activeIndex}
200:                     
class:cursor-not-allowed={getStockDisponible(producto) === 0}
201:                     aria-selected={index === activeIndex}
                                                              ^
202:                 >
203:                     <!-- Imagen o placeholder -->
13:00:42 [vite-plugin-svelte] 
src/lib/components/pos/BuscadorProducto.svelte:260:8 Self-closing HTML tags 
for non-void elements are ambiguous ÔÇö use `<div ...></div>` rather than 
`<div ... />`
https://svelte.dev/e/element_invalid_self_closing_tag
258: 
259:         <!-- Clic fuera para cerrar -->
260:         <div
               ^
261:             class="fixed inset-0 z-10"
262:             onclick={() => (mostrarResultados = false)}
13:00:43 [vite-plugin-svelte] src/lib/components/pos/ItemCarrito.svelte:49:8 
Buttons and links should either contain text or have an `aria-label`, 
`aria-labelledby` or `title` attribute
https://svelte.dev/e/a11y_consider_explicit_label
47:     <!-- Controles cantidad -->
48:     <div class="flex items-center gap-1 flex-shrink-0">
49:         <button
                    ^
50:             onclick={() =>
51:                 carritoStore.actualizarCantidad(
13:00:43 [vite-plugin-svelte] src/lib/components/pos/ItemCarrito.svelte:80:16 
Avoid using autofocus
https://svelte.dev/e/a11y_autofocus
78:                 class="w-12 h-6 text-center text-sm border 
border-primary-300 rounded-md focus:outline-none focus:ring-1 
focus:ring-primary-400"
79:                 min="0"
80:                 autofocus
                             ^
81:             />
82:         {:else}
13:00:43 [vite-plugin-svelte] src/lib/components/pos/ItemCarrito.svelte:94:8 
Buttons and links should either contain text or have an `aria-label`, 
`aria-labelledby` or `title` attribute
https://svelte.dev/e/a11y_consider_explicit_label
92:         {/if}
93: 
94:         <button
                    ^
95:             onclick={() =>
96:                 carritoStore.actualizarCantidad(
[33m[vite:css][postcss] @import must precede all other statements (besides 
@charset or empty @layer)
3  |  @tailwind utilities;
4  |  /* ÔöÇÔöÇÔöÇ Fuentes ÔöÇÔöÇÔöÇÔöÇÔöÇÔöÇÔöÇÔöÇÔöÇÔöÇÔöÇÔöÇÔöÇÔöÇÔöÇÔöÇÔöÇÔ
öÇÔöÇÔöÇÔöÇÔöÇÔöÇÔöÇÔöÇÔöÇÔöÇÔöÇÔöÇÔöÇÔöÇÔöÇÔöÇÔöÇÔöÇÔöÇÔöÇÔöÇÔöÇÔöÇÔöÇÔöÇÔöÇÔö
ÇÔöÇÔöÇÔöÇÔöÇÔöÇÔöÇÔöÇ */
5  |  @import url('https://fonts.googleapis.com/css2?family=Inter:wght@400;500;
600;700&family=JetBrains+Mono:wght@400;500&d...
   |  ^^^^^^^^^^^^^^^^^^^^^^^^^^^^^^^^^^^^^^^^^^^^^^^^^^^^^^^^^^^^^^^^^^^^^^^^^
^^^^^^^^^^^^^^^^^^^^^^^^^^^^^^^^^^^^^^^^^^^^^^^
6  |  
7  |  /* ÔöÇÔöÇÔöÇ Base ÔöÇÔöÇÔöÇÔöÇÔöÇÔöÇÔöÇÔöÇÔöÇÔöÇÔöÇÔöÇÔöÇÔöÇÔöÇÔöÇÔöÇÔöÇÔ
öÇÔöÇÔöÇÔöÇÔöÇÔöÇÔöÇÔöÇÔöÇÔöÇÔöÇÔöÇÔöÇÔöÇÔöÇÔöÇÔöÇÔöÇÔöÇÔöÇÔöÇÔöÇÔöÇÔöÇÔöÇÔöÇÔö
ÇÔöÇÔöÇÔöÇÔöÇÔöÇÔöÇÔöÇÔöÇÔöÇ */[39m
13:00:43 [vite-plugin-svelte] 
src/routes/(admin)/admin/ventas/+page.svelte:839:20 A form label must be 
associated with a control
https://svelte.dev/e/a11y_label_has_associated_control
837:                 </p>
838:                 <div>
839:                     <label class="block text-sm font-medium text-gray-700 
mb-1">
                                 ^
840:                         Motivo <span class="text-danger-400">*</span>
841:                     </label>
13:00:43 [vite-plugin-svelte] 
src/lib/components/layout/NotificationBell.svelte:226:2 Self-closing HTML tags 
for non-void elements are ambiguous ÔÇö use `<div ...></div>` rather than 
`<div ... />`
https://svelte.dev/e/element_invalid_self_closing_tag
224: 
225:     <!-- Backdrop to close -->
226:     <div
           ^
227:       class="fixed inset-0 z-40"
228:       onclick={() => (abierto = false)}
[32mÔ£ô[39m 291 modules transformed.
rendering chunks...
computing gzip size...
[2m.svelte-kit/output/client/[22m[32m_app/version.json                               [39m[1m[2m 0.03 kB[22m[1m[22m[2m Ôöé gzip:  0.05 kB[22m
[2m.svelte-kit/output/client/[22m[32m.vite/manifest.json                             [39m[1m[2m40.26 kB[22m[1m[22m[2m Ôöé gzip:  3.60 kB[22m
[2m.svelte-kit/output/client/[22m[35m_app/immutable/assets/Topbar.B8HjmRux.css       [39m[1m[2m 0.21 kB[22m[1m[22m[2m Ôöé gzip:  0.15 kB[22m
[2m.svelte-kit/output/client/[22m[35m_app/immutable/assets/18.EkRVhb1Y.css           [39m[1m[2m 0.21 kB[22m[1m[22m[2m Ôöé gzip:  0.15 kB[22m
[2m.svelte-kit/output/client/[22m[35m_app/immutable/assets/34.BY1c9O3s.css           [39m[1m[2m 0.21 kB[22m[1m[22m[2m Ôöé gzip:  0.15 kB[22m
[2m.svelte-kit/output/client/[22m[35m_app/immutable/assets/35.DTDE0wos.css           [39m[1m[2m 0.21 kB[22m[1m[22m[2m Ôöé gzip:  0.15 kB[22m
[2m.svelte-kit/output/client/[22m[35m_app/immutable/assets/19.CfD_exnX.css           [39m[1m[2m 0.38 kB[22m[1m[22m[2m Ôöé gzip:  0.18 kB[22m
[2m.svelte-kit/output/client/[22m[35m_app/immutable/assets/TicketVenta.buQ_qeK_.css  [39m[1m[2m 1.95 kB[22m[1m[22m[2m Ôöé gzip:  0.65 kB[22m
[2m.svelte-kit/output/client/[22m[35m_app/immutable/assets/0.DXEvm05f.css            [39m[1m[2m44.42 kB[22m[1m[22m[2m Ôöé gzip:  7.49 kB[22m
[2m.svelte-kit/output/client/[22m[36m_app/immutable/chunks/DsnmJJEf.js               [39m[1m[2m 0.07 kB[22m[1m[22m[2m Ôöé gzip:  0.08 kB[22m
[2m.svelte-kit/output/client/[22m[36m_app/immutable/entry/start.D2GfGsu5.js          [39m[1m[2m 0.08 kB[22m[1m[22m[2m Ôöé gzip:  0.09 kB[22m
[2m.svelte-kit/output/client/[22m[36m_app/immutable/chunks/C68ZfT7K.js               [39m[1m[2m 0.10 kB[22m[1m[22m[2m Ôöé gzip:  0.11 kB[22m
[2m.svelte-kit/output/client/[22m[36m_app/immutable/chunks/MmuqRhV9.js               [39m[1m[2m 0.15 kB[22m[1m[22m[2m Ôöé gzip:  0.16 kB[22m
[2m.svelte-kit/output/client/[22m[36m_app/immutable/chunks/Cu2Szk9J.js               [39m[1m[2m 0.23 kB[22m[1m[22m[2m Ôöé gzip:  0.16 kB[22m
[2m.svelte-kit/output/client/[22m[36m_app/immutable/chunks/bpLxryDa.js               [39m[1m[2m 0.31 kB[22m[1m[22m[2m Ôöé gzip:  0.19 kB[22m
[2m.svelte-kit/output/client/[22m[36m_app/immutable/chunks/ZEk7WStt.js               [39m[1m[2m 0.35 kB[22m[1m[22m[2m Ôöé gzip:  0.22 kB[22m
[2m.svelte-kit/output/client/[22m[36m_app/immutable/chunks/BqLYIJLX.js               [39m[1m[2m 0.37 kB[22m[1m[22m[2m Ôöé gzip:  0.23 kB[22m
[2m.svelte-kit/output/client/[22m[36m_app/immutable/chunks/BwPsLmjX.js               [39m[1m[2m 0.39 kB[22m[1m[22m[2m Ôöé gzip:  0.29 kB[22m
[2m.svelte-kit/output/client/[22m[36m_app/immutable/chunks/B00PoXBw.js               [39m[1m[2m 0.41 kB[22m[1m[22m[2m Ôöé gzip:  0.29 kB[22m
[2m.svelte-kit/output/client/[22m[36m_app/immutable/chunks/BfObJA35.js               [39m[1m[2m 0.41 kB[22m[1m[22m[2m Ôöé gzip:  0.24 kB[22m
[2m.svelte-kit/output/client/[22m[36m_app/immutable/chunks/BLH4Co0k.js               [39m[1m[2m 0.42 kB[22m[1m[22m[2m Ôöé gzip:  0.30 kB[22m
[2m.svelte-kit/output/client/[22m[36m_app/immutable/chunks/DOIPI9vB.js               [39m[1m[2m 0.44 kB[22m[1m[22m[2m Ôöé gzip:  0.29 kB[22m
[2m.svelte-kit/output/client/[22m[36m_app/immutable/chunks/rDt33usw.js               [39m[1m[2m 0.45 kB[22m[1m[22m[2m Ôöé gzip:  0.27 kB[22m
[2m.svelte-kit/output/client/[22m[36m_app/immutable/nodes/31.BzOTlUi9.js             [39m[1m[2m 0.45 kB[22m[1m[22m[2m Ôöé gzip:  0.32 kB[22m
[2m.svelte-kit/output/client/[22m[36m_app/immutable/chunks/FAYaU42d.js               [39m[1m[2m 0.51 kB[22m[1m[22m[2m Ôöé gzip:  0.25 kB[22m
[2m.svelte-kit/output/client/[22m[36m_app/immutable/chunks/BQU9etW6.js               [39m[1m[2m 0.53 kB[22m[1m[22m[2m Ôöé gzip:  0.34 kB[22m
[2m.svelte-kit/output/client/[22m[36m_app/immutable/chunks/DCq-x5dB.js               [39m[1m[2m 0.62 kB[22m[1m[22m[2m Ôöé gzip:  0.29 kB[22m
[2m.svelte-kit/output/client/[22m[36m_app/immutable/chunks/bbTalpVi.js               [39m[1m[2m 0.63 kB[22m[1m[22m[2m Ôöé gzip:  0.39 kB[22m
[2m.svelte-kit/output/client/[22m[36m_app/immutable/chunks/VOnxd2LR.js               [39m[1m[2m 0.66 kB[22m[1m[22m[2m Ôöé gzip:  0.38 kB[22m
[2m.svelte-kit/output/client/[22m[36m_app/immutable/chunks/ByWtjyDW.js               [39m[1m[2m 0.68 kB[22m[1m[22m[2m Ôöé gzip:  0.47 kB[22m
[2m.svelte-kit/output/client/[22m[36m_app/immutable/chunks/U-wusfWV.js               [39m[1m[2m 0.70 kB[22m[1m[22m[2m Ôöé gzip:  0.33 kB[22m
[2m.svelte-kit/output/client/[22m[36m_app/immutable/chunks/xpAM88pa.js               [39m[1m[2m 0.71 kB[22m[1m[22m[2m Ôöé gzip:  0.38 kB[22m
[2m.svelte-kit/output/client/[22m[36m_app/immutable/chunks/CCU0vGJj.js               [39m[1m[2m 0.76 kB[22m[1m[22m[2m Ôöé gzip:  0.29 kB[22m
[2m.svelte-kit/output/client/[22m[36m_app/immutable/chunks/v2Erf-zH.js               [39m[1m[2m 0.84 kB[22m[1m[22m[2m Ôöé gzip:  0.41 kB[22m
[2m.svelte-kit/output/client/[22m[36m_app/immutable/chunks/CkgTwa85.js               [39m[1m[2m 0.85 kB[22m[1m[22m[2m Ôöé gzip:  0.42 kB[22m
[2m.svelte-kit/output/client/[22m[36m_app/immutable/nodes/6.DulX-HeE.js              [39m[1m[2m 0.91 kB[22m[1m[22m[2m Ôöé gzip:  0.54 kB[22m
[2m.svelte-kit/output/client/[22m[36m_app/immutable/chunks/VmKit1R2.js               [39m[1m[2m 0.95 kB[22m[1m[22m[2m Ôöé gzip:  0.60 kB[22m
[2m.svelte-kit/output/client/[22m[36m_app/immutable/chunks/H5LoYlU-.js               [39m[1m[2m 0.99 kB[22m[1m[22m[2m Ôöé gzip:  0.51 kB[22m
[2m.svelte-kit/output/client/[22m[36m_app/immutable/chunks/Dqam3k8a.js               [39m[1m[2m 1.00 kB[22m[1m[22m[2m Ôöé gzip:  0.55 kB[22m
[2m.svelte-kit/output/client/[22m[36m_app/immutable/nodes/1.DhlQMjlw.js              [39m[1m[2m 1.11 kB[22m[1m[22m[2m Ôöé gzip:  0.66 kB[22m
[2m.svelte-kit/output/client/[22m[36m_app/immutable/chunks/DPufoJvv.js               [39m[1m[2m 1.13 kB[22m[1m[22m[2m Ôöé gzip:  0.66 kB[22m
[2m.svelte-kit/output/client/[22m[36m_app/immutable/chunks/CR3paylX.js               [39m[1m[2m 1.27 kB[22m[1m[22m[2m Ôöé gzip:  0.70 kB[22m
[2m.svelte-kit/output/client/[22m[36m_app/immutable/chunks/BmASX1oh.js               [39m[1m[2m 1.28 kB[22m[1m[22m[2m Ôöé gzip:  0.43 kB[22m
[2m.svelte-kit/output/client/[22m[36m_app/immutable/chunks/1e228Rbd.js               [39m[1m[2m 1.30 kB[22m[1m[22m[2m Ôöé gzip:  0.70 kB[22m
[2m.svelte-kit/output/client/[22m[36m_app/immutable/chunks/CtHTHGHz.js               [39m[1m[2m 1.31 kB[22m[1m[22m[2m Ôöé gzip:  0.47 kB[22m
[2m.svelte-kit/output/client/[22m[36m_app/immutable/nodes/13.iOj2-Um3.js             [39m[1m[2m 1.33 kB[22m[1m[22m[2m Ôöé gzip:  0.74 kB[22m
[2m.svelte-kit/output/client/[22m[36m_app/immutable/chunks/BapAUJpM.js               [39m[1m[2m 1.33 kB[22m[1m[22m[2m Ôöé gzip:  0.78 kB[22m
[2m.svelte-kit/output/client/[22m[36m_app/immutable/chunks/p1I0AdDD.js               [39m[1m[2m 1.46 kB[22m[1m[22m[2m Ôöé gzip:  0.77 kB[22m
[2m.svelte-kit/output/client/[22m[36m_app/immutable/chunks/445KY6Pm.js               [39m[1m[2m 1.62 kB[22m[1m[22m[2m Ôöé gzip:  0.68 kB[22m
[2m.svelte-kit/output/client/[22m[36m_app/immutable/chunks/DDYSBOYc.js               [39m[1m[2m 1.68 kB[22m[1m[22m[2m Ôöé gzip:  0.86 kB[22m
[2m.svelte-kit/output/client/[22m[36m_app/immutable/chunks/CXKUqaBs.js               [39m[1m[2m 1.72 kB[22m[1m[22m[2m Ôöé gzip:  0.82 kB[22m
[2m.svelte-kit/output/client/[22m[36m_app/immutable/chunks/bOcCJhPC.js               [39m[1m[2m 1.82 kB[22m[1m[22m[2m Ôöé gzip:  0.85 kB[22m
[2m.svelte-kit/output/client/[22m[36m_app/immutable/chunks/CgfeP2W3.js               [39m[1m[2m 1.99 kB[22m[1m[22m[2m Ôöé gzip:  1.04 kB[22m
[2m.svelte-kit/output/client/[22m[36m_app/immutable/chunks/Ds9AiIaO.js               [39m[1m[2m 2.01 kB[22m[1m[22m[2m Ôöé gzip:  0.99 kB[22m
[2m.svelte-kit/output/client/[22m[36m_app/immutable/chunks/k8KwP2IF.js               [39m[1m[2m 2.06 kB[22m[1m[22m[2m Ôöé gzip:  1.07 kB[22m
[2m.svelte-kit/output/client/[22m[36m_app/immutable/chunks/DyJWIhzr.js               [39m[1m[2m 2.10 kB[22m[1m[22m[2m Ôöé gzip:  1.04 kB[22m
[2m.svelte-kit/output/client/[22m[36m_app/immutable/nodes/5.CLhWM0s3.js              [39m[1m[2m 2.26 kB[22m[1m[22m[2m Ôöé gzip:  1.19 kB[22m
[2m.svelte-kit/output/client/[22m[36m_app/immutable/chunks/QfYH2zkj.js               [39m[1m[2m 2.54 kB[22m[1m[22m[2m Ôöé gzip:  1.36 kB[22m
[2m.svelte-kit/output/client/[22m[36m_app/immutable/chunks/Cj0bj8oz.js               [39m[1m[2m 2.55 kB[22m[1m[22m[2m Ôöé gzip:  1.17 kB[22m
[2m.svelte-kit/output/client/[22m[36m_app/immutable/chunks/so9ryCr6.js               [39m[1m[2m 2.68 kB[22m[1m[22m[2m Ôöé gzip:  1.48 kB[22m
[2m.svelte-kit/output/client/[22m[36m_app/immutable/chunks/C8HVc6MB.js               [39m[1m[2m 2.93 kB[22m[1m[22m[2m Ôöé gzip:  1.46 kB[22m
[2m.svelte-kit/output/client/[22m[36m_app/immutable/nodes/3.XKx9oSSW.js              [39m[1m[2m 3.03 kB[22m[1m[22m[2m Ôöé gzip:  1.47 kB[22m
[2m.svelte-kit/output/client/[22m[36m_app/immutable/nodes/14.9wy5f3Ew.js             [39m[1m[2m 3.06 kB[22m[1m[22m[2m Ôöé gzip:  1.45 kB[22m
[2m.svelte-kit/output/client/[22m[36m_app/immutable/chunks/DwxRZi02.js               [39m[1m[2m 3.33 kB[22m[1m[22m[2m Ôöé gzip:  1.35 kB[22m
[2m.svelte-kit/output/client/[22m[36m_app/immutable/nodes/2.CrXp07mP.js              [39m[1m[2m 3.57 kB[22m[1m[22m[2m Ôöé gzip:  1.69 kB[22m
[2m.svelte-kit/output/client/[22m[36m_app/immutable/nodes/4.h3L2uJ70.js              [39m[1m[2m 3.64 kB[22m[1m[22m[2m Ôöé gzip:  1.54 kB[22m
[2m.svelte-kit/output/client/[22m[36m_app/immutable/nodes/39.CEjkkW-v.js             [39m[1m[2m 3.70 kB[22m[1m[22m[2m Ôöé gzip:  1.83 kB[22m
[2m.svelte-kit/output/client/[22m[36m_app/immutable/chunks/Csv1nRQr.js               [39m[1m[2m 3.72 kB[22m[1m[22m[2m Ôöé gzip:  1.68 kB[22m
[2m.svelte-kit/output/client/[22m[36m_app/immutable/chunks/hVCf2tn9.js               [39m[1m[2m 3.98 kB[22m[1m[22m[2m Ôöé gzip:  1.79 kB[22m
[2m.svelte-kit/output/client/[22m[36m_app/immutable/nodes/40.qwYUszwM.js             [39m[1m[2m 4.00 kB[22m[1m[22m[2m Ôöé gzip:  1.35 kB[22m
[2m.svelte-kit/output/client/[22m[36m_app/immutable/chunks/HVkzVHfY.js               [39m[1m[2m 4.01 kB[22m[1m[22m[2m Ôöé gzip:  1.91 kB[22m
[2m.svelte-kit/output/client/[22m[36m_app/immutable/chunks/BmF3gP5z.js               [39m[1m[2m 4.28 kB[22m[1m[22m[2m Ôöé gzip:  2.01 kB[22m
[2m.svelte-kit/output/client/[22m[36m_app/immutable/nodes/33.70k-dS20.js             [39m[1m[2m 4.97 kB[22m[1m[22m[2m Ôöé gzip:  2.17 kB[22m
[2m.svelte-kit/output/client/[22m[36m_app/immutable/nodes/10.Crk9PtTs.js             [39m[1m[2m 5.44 kB[22m[1m[22m[2m Ôöé gzip:  2.54 kB[22m
[2m.svelte-kit/output/client/[22m[36m_app/immutable/nodes/28.nnEHiQc_.js             [39m[1m[2m 5.63 kB[22m[1m[22m[2m Ôöé gzip:  2.58 kB[22m
[2m.svelte-kit/output/client/[22m[36m_app/immutable/nodes/23.CybBm2CA.js             [39m[1m[2m 5.66 kB[22m[1m[22m[2m Ôöé gzip:  2.58 kB[22m
[2m.svelte-kit/output/client/[22m[36m_app/immutable/nodes/20.B0k7Nr-Z.js             [39m[1m[2m 6.42 kB[22m[1m[22m[2m Ôöé gzip:  2.80 kB[22m
[2m.svelte-kit/output/client/[22m[36m_app/immutable/nodes/36.FgELcuxC.js             [39m[1m[2m 6.54 kB[22m[1m[22m[2m Ôöé gzip:  2.87 kB[22m
[2m.svelte-kit/output/client/[22m[36m_app/immutable/chunks/2toS7hSY.js               [39m[1m[2m 6.95 kB[22m[1m[22m[2m Ôöé gzip:  2.84 kB[22m
[2m.svelte-kit/output/client/[22m[36m_app/immutable/nodes/32.D-lTWw05.js             [39m[1m[2m 7.02 kB[22m[1m[22m[2m Ôöé gzip:  2.42 kB[22m
[2m.svelte-kit/output/client/[22m[36m_app/immutable/nodes/30.BbWf1nNR.js             [39m[1m[2m 7.05 kB[22m[1m[22m[2m Ôöé gzip:  3.11 kB[22m
[2m.svelte-kit/output/client/[22m[36m_app/immutable/chunks/Wcu9BXFr.js               [39m[1m[2m 7.10 kB[22m[1m[22m[2m Ôöé gzip:  3.28 kB[22m
[2m.svelte-kit/output/client/[22m[36m_app/immutable/nodes/29.DeC-rYCh.js             [39m[1m[2m 7.54 kB[22m[1m[22m[2m Ôöé gzip:  2.93 kB[22m
[2m.svelte-kit/output/client/[22m[36m_app/immutable/nodes/34.MGdDafPi.js             [39m[1m[2m 7.82 kB[22m[1m[22m[2m Ôöé gzip:  3.18 kB[22m
[2m.svelte-kit/output/client/[22m[36m_app/immutable/nodes/7.CKRCioO5.js              [39m[1m[2m 7.94 kB[22m[1m[22m[2m Ôöé gzip:  3.07 kB[22m
[2m.svelte-kit/output/client/[22m[36m_app/immutable/nodes/25.B0BlTWyj.js             [39m[1m[2m 7.95 kB[22m[1m[22m[2m Ôöé gzip:  3.45 kB[22m
[2m.svelte-kit/output/client/[22m[36m_app/immutable/nodes/15.w_eDIMKo.js             [39m[1m[2m 8.24 kB[22m[1m[22m[2m Ôöé gzip:  3.25 kB[22m
[2m.svelte-kit/output/client/[22m[36m_app/immutable/nodes/24.DZwIe8ND.js             [39m[1m[2m 8.35 kB[22m[1m[22m[2m Ôöé gzip:  3.33 kB[22m
[2m.svelte-kit/output/client/[22m[36m_app/immutable/nodes/0.Du7lebQN.js              [39m[1m[2m 8.47 kB[22m[1m[22m[2m Ôöé gzip:  3.67 kB[22m
[2m.svelte-kit/output/client/[22m[36m_app/immutable/nodes/26.BycNoB_Z.js             [39m[1m[2m 8.66 kB[22m[1m[22m[2m Ôöé gzip:  3.56 kB[22m
[2m.svelte-kit/output/client/[22m[36m_app/immutable/nodes/11.BduofFpr.js             [39m[1m[2m 9.08 kB[22m[1m[22m[2m Ôöé gzip:  3.68 kB[22m
[2m.svelte-kit/output/client/[22m[36m_app/immutable/nodes/16.BqImyTED.js             [39m[1m[2m 9.31 kB[22m[1m[22m[2m Ôöé gzip:  3.68 kB[22m
[2m.svelte-kit/output/client/[22m[36m_app/immutable/nodes/38.13oOFOOm.js             [39m[1m[2m 9.91 kB[22m[1m[22m[2m Ôöé gzip:  3.48 kB[22m
[2m.svelte-kit/output/client/[22m[36m_app/immutable/nodes/8.CFf5mg6y.js              [39m[1m[2m11.68 kB[22m[1m[22m[2m Ôöé gzip:  4.31 kB[22m
[2m.svelte-kit/output/client/[22m[36m_app/immutable/chunks/D2wTLeRP.js               [39m[1m[2m12.48 kB[22m[1m[22m[2m Ôöé gzip:  4.95 kB[22m
[2m.svelte-kit/output/client/[22m[36m_app/immutable/nodes/21.COy0SZnk.js             [39m[1m[2m13.15 kB[22m[1m[22m[2m Ôöé gzip:  5.10 kB[22m
[2m.svelte-kit/output/client/[22m[36m_app/immutable/nodes/18.BjKbQkLg.js             [39m[1m[2m13.40 kB[22m[1m[22m[2m Ôöé gzip:  4.85 kB[22m
[2m.svelte-kit/output/client/[22m[36m_app/immutable/nodes/35.5eWrvLyo.js             [39m[1m[2m13.70 kB[22m[1m[22m[2m Ôöé gzip:  4.85 kB[22m
[2m.svelte-kit/output/client/[22m[36m_app/immutable/entry/app.tBsAlGUp.js            [39m[1m[2m14.11 kB[22m[1m[22m[2m Ôöé gzip:  4.34 kB[22m
[2m.svelte-kit/output/client/[22m[36m_app/immutable/nodes/9.Dar6HJU6.js              [39m[1m[2m15.43 kB[22m[1m[22m[2m Ôöé gzip:  4.64 kB[22m
[2m.svelte-kit/output/client/[22m[36m_app/immutable/nodes/17.D2nAuAjD.js             [39m[1m[2m16.02 kB[22m[1m[22m[2m Ôöé gzip:  5.20 kB[22m
[2m.svelte-kit/output/client/[22m[36m_app/immutable/nodes/22.DYvpPtzE.js             [39m[1m[2m16.38 kB[22m[1m[22m[2m Ôöé gzip:  5.73 kB[22m
[2m.svelte-kit/output/client/[22m[36m_app/immutable/nodes/19.GN06LjyQ.js             [39m[1m[2m22.39 kB[22m[1m[22m[2m Ôöé gzip:  6.99 kB[22m
[2m.svelte-kit/output/client/[22m[36m_app/immutable/nodes/12.CqvRyNFH.js             [39m[1m[2m28.62 kB[22m[1m[22m[2m Ôöé gzip: 10.99 kB[22m
[2m.svelte-kit/output/client/[22m[36m_app/immutable/nodes/27.BG2scVQs.js             [39m[1m[2m32.26 kB[22m[1m[22m[2m Ôöé gzip: 10.64 kB[22m
[2m.svelte-kit/output/client/[22m[36m_app/immutable/chunks/BmwGjJ1G.js               [39m[1m[2m32.73 kB[22m[1m[22m[2m Ôöé gzip: 12.64 kB[22m
[2m.svelte-kit/output/client/[22m[36m_app/immutable/chunks/FgqPRyXn.js               [39m[1m[2m32.78 kB[22m[1m[22m[2m Ôöé gzip: 12.79 kB[22m
[32mÔ£ô built in 3.35s[39m
[36mvite v7.3.1 [32mbuilding client environment for production...[36m[39m
transforming...
[32mÔ£ô[39m 2 modules transformed.
rendering chunks...
computing gzip size...
[2m.svelte-kit/output/client/[22m[36mservice-worker.mjs  [39m[1m[2m5.65 kB[22m[1m[22m[2m Ôöé gzip: 1.79 kB[22m
[32mÔ£ô built in 15ms[39m
[2m.svelte-kit/output/server/[22m[32m.vite/manifest.json                                              [39m[1m[2m 29.00 kB[22m[1m[22m
[2m.svelte-kit/output/server/[22m[35m_app/immutable/assets/Topbar.B8HjmRux.css                        [39m[1m[2m  0.21 kB[22m[1m[22m
[2m.svelte-kit/output/server/[22m[35m_app/immutable/assets/_page.EkRVhb1Y.css                         [39m[1m[2m  0.21 kB[22m[1m[22m
[2m.svelte-kit/output/server/[22m[35m_app/immutable/assets/_page.BY1c9O3s.css                         [39m[1m[2m  0.21 kB[22m[1m[22m
[2m.svelte-kit/output/server/[22m[35m_app/immutable/assets/_page.DTDE0wos.css                         [39m[1m[2m  0.21 kB[22m[1m[22m
[2m.svelte-kit/output/server/[22m[35m_app/immutable/assets/_page.CfD_exnX.css                         [39m[1m[2m  0.38 kB[22m[1m[22m
[2m.svelte-kit/output/server/[22m[35m_app/immutable/assets/TicketVenta.buQ_qeK_.css                   [39m[1m[2m  1.95 kB[22m[1m[22m
[2m.svelte-kit/output/server/[22m[35m_app/immutable/assets/_layout.CKAfwob8.css                       [39m[1m[2m 44.15 kB[22m[1m[22m
[2m.svelte-kit/output/server/[22m[36mchunks/false.js                                                  [39m[1m[2m  0.05 kB[22m[1m[22m
[2m.svelte-kit/output/server/[22m[36mchunks/planes.js                                                 [39m[1m[2m  0.14 kB[22m[1m[22m
[2m.svelte-kit/output/server/[22m[36mchunks/shared-server.js                                          [39m[1m[2m  0.21 kB[22m[1m[22m
[2m.svelte-kit/output/server/[22m[36mentries/pages/_layout.server.ts.js                               [39m[1m[2m  0.22 kB[22m[1m[22m
[2m.svelte-kit/output/server/[22m[36mchunks/index-server.js                                           [39m[1m[2m  0.27 kB[22m[1m[22m
[2m.svelte-kit/output/server/[22m[36mentries/pages/seleccionar-panel/_page.server.ts.js               [39m[1m[2m  0.30 kB[22m[1m[22m
[2m.svelte-kit/output/server/[22m[36mchunks/offline.store.js                                          [39m[1m[2m  0.39 kB[22m[1m[22m
[2m.svelte-kit/output/server/[22m[36minternal.js                                                      [39m[1m[2m  0.41 kB[22m[1m[22m
[2m.svelte-kit/output/server/[22m[36mchunks/state.svelte.js                                           [39m[1m[2m  0.45 kB[22m[1m[22m
[2m.svelte-kit/output/server/[22m[36mchunks/escaping.js                                               [39m[1m[2m  0.53 kB[22m[1m[22m
[2m.svelte-kit/output/server/[22m[36mchunks/ventas.js                                                 [39m[1m[2m  0.60 kB[22m[1m[22m
[2m.svelte-kit/output/server/[22m[36mchunks/environment.js                                            [39m[1m[2m  0.62 kB[22m[1m[22m
[2m.svelte-kit/output/server/[22m[36mentries/pages/(pos)/_layout.server.ts.js                         [39m[1m[2m  0.68 kB[22m[1m[22m
[2m.svelte-kit/output/server/[22m[36mchunks/toast.store.js                                            [39m[1m[2m  0.69 kB[22m[1m[22m
[2m.svelte-kit/output/server/[22m[36mchunks/stores.js                                                 [39m[1m[2m  0.71 kB[22m[1m[22m
[2m.svelte-kit/output/server/[22m[36mchunks/Spinner.js                                                [39m[1m[2m  0.74 kB[22m[1m[22m
[2m.svelte-kit/output/server/[22m[36mchunks/inventario.js                                             [39m[1m[2m  0.75 kB[22m[1m[22m
[2m.svelte-kit/output/server/[22m[36mentries/pages/logout/_page.server.ts.js                          [39m[1m[2m  0.83 kB[22m[1m[22m
[2m.svelte-kit/output/server/[22m[36mentries/pages/(superadmin)/superadmin/dashboard/_page.svelte.js  [39m[1m[2m  0.90 kB[22m[1m[22m
[2m.svelte-kit/output/server/[22m[36mentries/pages/_page.svelte.js                                    [39m[1m[2m  0.94 kB[22m[1m[22m
[2m.svelte-kit/output/server/[22m[36mchunks/productos.js                                              [39m[1m[2m  1.01 kB[22m[1m[22m
[2m.svelte-kit/output/server/[22m[36mentries/pages/(admin)/admin/dashboard/_page.svelte.js            [39m[1m[2m  1.05 kB[22m[1m[22m
[2m.svelte-kit/output/server/[22m[36mchunks/compras.js                                                [39m[1m[2m  1.13 kB[22m[1m[22m
[2m.svelte-kit/output/server/[22m[36mchunks/utils.js                                                  [39m[1m[2m  1.15 kB[22m[1m[22m
[2m.svelte-kit/output/server/[22m[36mentries/pages/(pos)/ventas/_id_/_page.svelte.js                  [39m[1m[2m  1.17 kB[22m[1m[22m
[2m.svelte-kit/output/server/[22m[36mchunks/index3.js                                                 [39m[1m[2m  1.24 kB[22m[1m[22m
[2m.svelte-kit/output/server/[22m[36mentries/pages/_error.svelte.js                                   [39m[1m[2m  1.31 kB[22m[1m[22m
[2m.svelte-kit/output/server/[22m[36mchunks/SearchInput.js                                            [39m[1m[2m  1.37 kB[22m[1m[22m
[2m.svelte-kit/output/server/[22m[36mentries/pages/(pos)/pos/_page.svelte.js                          [39m[1m[2m  1.42 kB[22m[1m[22m
[2m.svelte-kit/output/server/[22m[36mentries/endpoints/api/refresh/_server.ts.js                      [39m[1m[2m  1.56 kB[22m[1m[22m
[2m.svelte-kit/output/server/[22m[36mentries/pages/(admin)/admin/productos/_id_/_page.svelte.js       [39m[1m[2m  1.57 kB[22m[1m[22m
[2m.svelte-kit/output/server/[22m[36mentries/pages/(admin)/admin/suscripcion/_page.svelte.js          [39m[1m[2m  1.57 kB[22m[1m[22m
[2m.svelte-kit/output/server/[22m[36mentries/pages/(pos)/turno/_page.svelte.js                        [39m[1m[2m  1.67 kB[22m[1m[22m
[2m.svelte-kit/output/server/[22m[36mentries/pages/login/_page.server.ts.js                           [39m[1m[2m  2.10 kB[22m[1m[22m
[2m.svelte-kit/output/server/[22m[36mentries/hooks.server.js                                          [39m[1m[2m  2.10 kB[22m[1m[22m
[2m.svelte-kit/output/server/[22m[36mentries/pages/(admin)/admin/suscripcion/pagar/_page.svelte.js    [39m[1m[2m  2.17 kB[22m[1m[22m
[2m.svelte-kit/output/server/[22m[36mchunks/fetch.js                                                  [39m[1m[2m  2.31 kB[22m[1m[22m
[2m.svelte-kit/output/server/[22m[36mchunks/auth.store.js                                             [39m[1m[2m  2.34 kB[22m[1m[22m
[2m.svelte-kit/output/server/[22m[36mchunks/ToastContainer.js                                         [39m[1m[2m  2.46 kB[22m[1m[22m
[2m.svelte-kit/output/server/[22m[36mentries/pages/registro/_page.server.ts.js                        [39m[1m[2m  2.56 kB[22m[1m[22m
[2m.svelte-kit/output/server/[22m[36mentries/pages/_layout.svelte.js                                  [39m[1m[2m  2.60 kB[22m[1m[22m
[2m.svelte-kit/output/server/[22m[36mchunks/ConfirmDialog.js                                          [39m[1m[2m  2.68 kB[22m[1m[22m
[2m.svelte-kit/output/server/[22m[36mchunks/PageHeader.js                                             [39m[1m[2m  2.68 kB[22m[1m[22m
[2m.svelte-kit/output/server/[22m[36mchunks/EmptyState.js                                             [39m[1m[2m  2.73 kB[22m[1m[22m
[2m.svelte-kit/output/server/[22m[36mchunks/index.js                                                  [39m[1m[2m  2.77 kB[22m[1m[22m
[2m.svelte-kit/output/server/[22m[36mchunks/notificaciones.store.js                                   [39m[1m[2m  3.01 kB[22m[1m[22m
[2m.svelte-kit/output/server/[22m[36mchunks/Modal.js                                                  [39m[1m[2m  3.04 kB[22m[1m[22m
[2m.svelte-kit/output/server/[22m[36mchunks/turno.store.js                                            [39m[1m[2m  3.08 kB[22m[1m[22m
[2m.svelte-kit/output/server/[22m[36mentries/pages/(superadmin)/_layout.svelte.js                     [39m[1m[2m  3.13 kB[22m[1m[22m
[2m.svelte-kit/output/server/[22m[36mchunks/Pagination.js                                             [39m[1m[2m  3.14 kB[22m[1m[22m
[2m.svelte-kit/output/server/[22m[36mentries/pages/(admin)/admin/notificaciones/_page.svelte.js       [39m[1m[2m  3.24 kB[22m[1m[22m
[2m.svelte-kit/output/server/[22m[36mchunks/internal.js                                               [39m[1m[2m  3.40 kB[22m[1m[22m
[2m.svelte-kit/output/server/[22m[36mchunks/Button.js                                                 [39m[1m[2m  3.42 kB[22m[1m[22m
[2m.svelte-kit/output/server/[22m[36mchunks/Select.js                                                 [39m[1m[2m  3.52 kB[22m[1m[22m
[2m.svelte-kit/output/server/[22m[36mentries/pages/(pos)/pos/notificaciones/_page.svelte.js           [39m[1m[2m  3.62 kB[22m[1m[22m
[2m.svelte-kit/output/server/[22m[36mentries/pages/(superadmin)/superadmin/pagos/_page.svelte.js      [39m[1m[2m  3.63 kB[22m[1m[22m
[2m.svelte-kit/output/server/[22m[36mentries/pages/(bodega)/bodega/notificaciones/_page.svelte.js     [39m[1m[2m  3.64 kB[22m[1m[22m
[2m.svelte-kit/output/server/[22m[36mentries/pages/(bodega)/bodega/recepciones/_page.svelte.js        [39m[1m[2m  3.66 kB[22m[1m[22m
[2m.svelte-kit/output/server/[22m[36mentries/pages/login/_page.svelte.js                              [39m[1m[2m  3.92 kB[22m[1m[22m
[2m.svelte-kit/output/server/[22m[36mentries/pages/seleccionar-panel/_page.svelte.js                  [39m[1m[2m  3.98 kB[22m[1m[22m
[2m.svelte-kit/output/server/[22m[36mentries/pages/reset-password/_page.svelte.js                     [39m[1m[2m  4.00 kB[22m[1m[22m
[2m.svelte-kit/output/server/[22m[36mentries/pages/(bodega)/_layout.svelte.js                         [39m[1m[2m  4.19 kB[22m[1m[22m
[2m.svelte-kit/output/server/[22m[36mchunks/Input.js                                                  [39m[1m[2m  4.32 kB[22m[1m[22m
[2m.svelte-kit/output/server/[22m[36mentries/pages/(pos)/_layout.svelte.js                            [39m[1m[2m  4.44 kB[22m[1m[22m
[2m.svelte-kit/output/server/[22m[36mchunks/Sidebar.js                                                [39m[1m[2m  4.66 kB[22m[1m[22m
[2m.svelte-kit/output/server/[22m[36mentries/pages/(admin)/_layout.svelte.js                          [39m[1m[2m  4.80 kB[22m[1m[22m
[2m.svelte-kit/output/server/[22m[36mchunks/exports.js                                                [39m[1m[2m  5.59 kB[22m[1m[22m
[2m.svelte-kit/output/server/[22m[36mentries/pages/(pos)/ventas/_page.svelte.js                       [39m[1m[2m  7.43 kB[22m[1m[22m
[2m.svelte-kit/output/server/[22m[36mchunks/Topbar.js                                                 [39m[1m[2m  7.67 kB[22m[1m[22m
[2m.svelte-kit/output/server/[22m[36mentries/pages/(admin)/admin/reportes/_page.svelte.js             [39m[1m[2m  7.90 kB[22m[1m[22m
[2m.svelte-kit/output/server/[22m[36mentries/pages/registro/_page.svelte.js                           [39m[1m[2m  8.09 kB[22m[1m[22m
[2m.svelte-kit/output/server/[22m[36mentries/pages/(admin)/admin/productos/nuevo/_page.svelte.js      [39m[1m[2m  9.59 kB[22m[1m[22m
[2m.svelte-kit/output/server/[22m[36mentries/pages/(admin)/admin/productos/importar/_page.svelte.js   [39m[1m[2m 10.65 kB[22m[1m[22m
[2m.svelte-kit/output/server/[22m[36mentries/pages/(bodega)/bodega/bodegas/_page.svelte.js            [39m[1m[2m 10.75 kB[22m[1m[22m
[2m.svelte-kit/output/server/[22m[36mentries/pages/(admin)/admin/productos/_page.svelte.js            [39m[1m[2m 10.98 kB[22m[1m[22m
[2m.svelte-kit/output/server/[22m[36mentries/pages/(superadmin)/superadmin/planes/_page.svelte.js     [39m[1m[2m 11.76 kB[22m[1m[22m
[2m.svelte-kit/output/server/[22m[36mentries/pages/(admin)/admin/categorias/_page.svelte.js           [39m[1m[2m 12.14 kB[22m[1m[22m
[2m.svelte-kit/output/server/[22m[36mentries/pages/(bodega)/bodega/proveedores/_page.svelte.js        [39m[1m[2m 12.41 kB[22m[1m[22m
[2m.svelte-kit/output/server/[22m[36mentries/pages/(bodega)/bodega/traslados/_page.svelte.js          [39m[1m[2m 13.26 kB[22m[1m[22m
[2m.svelte-kit/output/server/[22m[36mentries/pages/(admin)/admin/usuarios/_page.svelte.js             [39m[1m[2m 14.20 kB[22m[1m[22m
[2m.svelte-kit/output/server/[22m[36mentries/pages/(superadmin)/superadmin/tenants/_page.svelte.js    [39m[1m[2m 14.73 kB[22m[1m[22m
[2m.svelte-kit/output/server/[22m[36mentries/pages/(admin)/admin/clientes/_page.svelte.js             [39m[1m[2m 14.94 kB[22m[1m[22m
[2m.svelte-kit/output/server/[22m[36mentries/pages/(admin)/admin/ventas/_page.svelte.js               [39m[1m[2m 15.20 kB[22m[1m[22m
[2m.svelte-kit/output/server/[22m[36mentries/pages/(bodega)/bodega/compras/_page.svelte.js            [39m[1m[2m 16.43 kB[22m[1m[22m
[2m.svelte-kit/output/server/[22m[36mentries/pages/(bodega)/bodega/inventario/_page.svelte.js         [39m[1m[2m 17.89 kB[22m[1m[22m
[2m.svelte-kit/output/server/[22m[36mremote-entry.js                                                  [39m[1m[2m 19.03 kB[22m[1m[22m
[2m.svelte-kit/output/server/[22m[36mchunks/shared.js                                                 [39m[1m[2m 27.07 kB[22m[1m[22m
[2m.svelte-kit/output/server/[22m[36mchunks/root.js                                                   [39m[1m[2m 29.18 kB[22m[1m[22m
[2m.svelte-kit/output/server/[22m[36mchunks/index2.js                                                 [39m[1m[2m 91.52 kB[22m[1m[22m
[2m.svelte-kit/output/server/[22m[36mindex.js                                                         [39m[1m[2m125.83 kB[22m[1m[22m
[32mÔ£ô built in 9.84s[39m

Run npm run preview to preview your production build locally.

> Using @sveltejs/adapter-vercel
[31merror during build:
Error: EPERM: operation not permitted, symlink '![-]\catchall.func' -> 'C:\User
s\USUARIO\Documents\proyectos\control-stock\front-control-stock\.vercel\output\
functions\index.func'
    at Object.symlinkSync (node:fs:1882:11)
    at adapt (file:///C:/Users/USUARIO/Documents/proyectos/control-stock/front-
control-stock/node_modules/@sveltejs/adapter-vercel/index.js:477:9)
    at async adapt (file:///C:/Users/USUARIO/Documents/proyectos/control-stock/
front-control-stock/node_modules/@sveltejs/kit/src/core/adapt/index.js:41:2)
    at async finalise (file:///C:/Users/USUARIO/Documents/proyectos/control-sto
ck/front-control-stock/node_modules/@sveltejs/kit/src/exports/vite/index.js:135
9:7)
    at async Object.handler (file:///C:/Users/USUARIO/Documents/proyectos/contr
ol-stock/front-control-stock/node_modules/@sveltejs/kit/src/exports/vite/index.
js:1390:5)
    at async PluginDriver.hookParallel (file:///C:/Users/USUARIO/Documents/proy
ectos/control-stock/front-control-stock/node_modules/rollup/dist/es/shared/node
-entry.js:22475:17)
    at async Object.close (file:///C:/Users/USUARIO/Documents/proyectos/control
-stock/front-control-stock/node_modules/rollup/dist/es/shared/node-entry.js:234
94:13)
    at async buildEnvironment (file:///C:/Users/USUARIO/Documents/proyectos/con
trol-stock/front-control-stock/node_modules/vite/dist/node/chunks/config.js:335
55:15)
    at async Object.build (file:///C:/Users/USUARIO/Documents/proyectos/control
-stock/front-control-stock/node_modules/vite/dist/node/chunks/config.js:33900:1
9)
    at async Object.buildApp (file:///C:/Users/USUARIO/Documents/proyectos/cont
rol-stock/front-control-stock/node_modules/vite/dist/node/chunks/config.js:3389
7:153)[39m
